// Jest Snapshot v1, https://goo.gl/fbAQLP

exports[`<App /> renders correctly 1`] = `
<View
  style={
    Object {
      "alignItems": "center",
      "backgroundColor": "#fff",
      "flex": 1,
      "justifyContent": "center",
    }
  }
>
  <Modal
    hardwareAccelerated={false}
    onRequestClose={[Function]}
    transparent={true}
    visible={false}
  >
    <View
      style={
        Object {
          "alignItems": "center",
          "flex": 1,
          "justifyContent": "center",
        }
      }
    >
      <View
        style={
          Object {
            "alignItems": "center",
            "backgroundColor": "white",
            "elevation": 5,
            "margin": 16,
            "padding": 8,
            "shadowColor": "#000",
            "shadowOffset": Object {
              "height": 2,
              "width": 0,
            },
            "shadowOpacity": 0.25,
            "shadowRadius": 4,
          }
        }
      >
        <RCTScrollView>
          <View>
            <Text
              style={
                Object {
                  "fontFamily": "monospace",
                  "marginBottom": 8,
                }
              }
            >
              
            </Text>
          </View>
        </RCTScrollView>
        <View
          accessible={true}
          focusable={true}
          onBlur={[Function]}
          onClick={[Function]}
          onFocus={[Function]}
          onResponderGrant={[Function]}
          onResponderMove={[Function]}
          onResponderRelease={[Function]}
          onResponderTerminate={[Function]}
          onResponderTerminationRequest={[Function]}
          onStartShouldSetResponder={[Function]}
          style={
            Array [
              Object {
                "backgroundColor": "#2196F3",
                "borderRadius": 4,
                "elevation": 2,
                "margin": 4,
                "padding": 10,
              },
            ]
          }
        >
          <Text
            style={
              Object {
                "color": "white",
                "fontWeight": "bold",
                "textAlign": "center",
              }
            }
          >
            Close
          </Text>
        </View>
      </View>
    </View>
  </Modal>
  <View>
    <View
      accessible={true}
      focusable={true}
      onBlur={[Function]}
      onClick={[Function]}
      onFocus={[Function]}
      onResponderGrant={[Function]}
      onResponderMove={[Function]}
      onResponderRelease={[Function]}
      onResponderTerminate={[Function]}
      onResponderTerminationRequest={[Function]}
      onStartShouldSetResponder={[Function]}
      style={
        Array [
          Object {
            "backgroundColor": "#2196F3",
            "borderRadius": 4,
            "elevation": 2,
            "margin": 4,
            "padding": 10,
          },
        ]
      }
    >
      <Text
        style={
          Object {
            "color": "white",
            "fontWeight": "bold",
            "textAlign": "center",
          }
        }
      >
        Show env
      </Text>
    </View>
    <View
      accessible={true}
      focusable={true}
      onBlur={[Function]}
      onClick={[Function]}
      onFocus={[Function]}
      onResponderGrant={[Function]}
      onResponderMove={[Function]}
      onResponderRelease={[Function]}
      onResponderTerminate={[Function]}
      onResponderTerminationRequest={[Function]}
      onStartShouldSetResponder={[Function]}
      style={
        Array [
          Object {
            "backgroundColor": "#2196F3",
            "borderRadius": 4,
            "elevation": 2,
            "margin": 4,
            "padding": 10,
          },
        ]
      }
    >
      <Text
        style={
          Object {
            "color": "white",
            "fontWeight": "bold",
            "textAlign": "center",
          }
        }
      >
        Show manifest
      </Text>
    </View>
    <View
      accessible={true}
      focusable={true}
      onBlur={[Function]}
      onClick={[Function]}
      onFocus={[Function]}
      onResponderGrant={[Function]}
      onResponderMove={[Function]}
      onResponderRelease={[Function]}
      onResponderTerminate={[Function]}
      onResponderTerminationRequest={[Function]}
      onStartShouldSetResponder={[Function]}
      style={
        Array [
          Object {
            "backgroundColor": "#2196F3",
            "borderRadius": 4,
            "elevation": 2,
            "margin": 4,
            "padding": 10,
          },
        ]
      }
    >
      <Text
        style={
          Object {
            "color": "white",
            "fontWeight": "bold",
            "textAlign": "center",
          }
        }
      >
        Show manifest.extra
      </Text>
    </View>
  </View>
</View>
`;
